{
  "data": {
    "institutionConnection": {
      "externalId": "SomeExternalId",
      "institution": {
        "name": "SomeName"
      }
    }
  }
}