{
  "data": {
    "institutionConnection": {
      "refreshId": {
        "externalId": "ed69f988-a1fb-4e89-8d56-66b42e43a675",
        "connectUrl": "https://www.example.com/connect-url/refresh",
      }
    }
  }
}
