{
  "data": {
    "institutionConnection": {
      "create": {
        "externalId": "93228ed4-4e0b-409a-b564-d38395c4a045",
        "connectUrl": "https://www.example.com/connect-url/nordigen-requisition"
      }
    }
  }
}
