{
  "data": {
    "institutionConnection": {
      "externalId": "SomeExternalId",
      "organisation": {
        "slug": "some-slug"
      }
    }
  }
}