{
  "data": {
    "institutionConnection": {
      "create": {
        "externalId": "2ee63e58-5e7e-4bf2-820f-646f85876bac",
        "connectUrl": "https://www.example.com/connect-url/nordigen-requisition"
      }
    }
  }
}
