{
  "data": {
    "institution": {
      "list": [
        {
          "name": "MyFakeName-NL1"
        },
        {
          "name": "MyFakeName-NL2"
        }
      ]
    }
  }
}
