{
  "errors": [
    {
      "message": "Connection not found",
      "locations": [
        {
          "line": 3,
          "column": 3
        }
      ],
      "path": [
        "institutionConnection",
        "refreshId"
      ],
      "extensions": {
        "code": "BAD_REQUEST",
        "timestamp": "2023-11-30T11:38:05.619+01:00",
        "severity": "CRITICAL"
      }
    }
  ],
  "data": {
    "institutionConnection": {
      "refreshId": null
    }
  }
}
