{
  "data": {
    "institutionConnection": {
      "list": {
        "items": [
          {
            "externalId": "SomeExternalId-organisation-list-0"
          }
        ],
        "totalCount": 31
      }
    }
  }
}
