{
  "data": {
    "institutionConnection": {
      "delete": 0
    }
  }
}