{
  "data": {
    "institutions": {
      "items": [
        {
          "name": "MyFakeName-usa",
          "externalId": "SomeExternalId-usa"
        }
      ],
      "totalCount": 1
    }
  }
}
