{
  "data": {
    "institutionConnection": {
      "get": {
        "externalId": "SomeExternalId-organisation-match-0"
      }
    }
  }
}
