{
  "data": {
    "institutions": {
      "items": [
        {
          "name": "MyFakeName-gbr",
          "externalId": "SomeExternalId-gbr"
        }
      ],
      "totalCount": 1
    }
  }
}