{
  "data": {
    "institutionConnection": {
      "delete": 1
    }
  }
}