{
  "data": {
    "institutionConnections": {
      "items": [
        {
          "externalId": "SomeExternalId-organisation-match-1"
        }
      ],
      "totalCount": 30
    }
  }
}