{
  "data": {
    "institution": {
      "name": "MyFakeName-nld"
    }
  }
}
