{
  "data": {
    "institution": {
      "list": [
        {
          "name": "MyFakeName-NL"
        }
      ]
    }
  }
}
