{
  "data": {
    "institutionConnections": {
      "items": [
        {
          "externalId": "SomeExternalId-1"
        }
      ],
      "totalCount": 3
    }
  }
}