{
  "data": {
    "institutionConnection": {
      "externalId": "SomeExternalId-organisation-match-0"
    }
  }
}
