{
  "data": {
    "institutionConnection": {
      "get": {
        "externalId": "SomeExternalId-organisation-match-0",
        "institution": {
          "name": "Some Institution Name"
        }
      }
    }
  }
}
