{
  "data": {
    "institution": {
      "get": {
        "name": "MyFakeName-NL"
      }
    }
  }
}
